[15:18:49] [main/INFO]: ModLauncher running: args [--mod, big_swords, --all, --output, D:\McModding\NeoForge 1.21\BigSwordsR\src\generated\resources, --existing, D:\McModding\NeoForge 1.21\BigSwordsR\src\main\resources, --launchTarget, neoforgeclientdatadev, --assetIndex, asset-index, --assetsDir, D:\McModding\.gradle\caches\minecraft\assets, --gameDir, ., --fml.fmlVersion, 6.0.4, --fml.mcVersion, 1.21.4, --fml.neoForgeVersion, 21.4.9-beta, --fml.neoFormVersion, 20241203.161809]
[15:18:49] [main/INFO]: JVM identified as Eclipse Adoptium OpenJDK 64-Bit Server VM 21.0.5+11-LTS
[15:18:49] [main/INFO]: ModLauncher 11.0.4+main.d2e20e43 starting: java version 21.0.5 by Eclipse Adoptium; OS Windows 11 arch amd64 version 10.0
[15:18:49] [main/INFO]: ImmediateWindowProvider not loading because launch target is neoforgeclientdatadev
[15:18:49] [main/INFO]: SpongePowered MIXIN Subsystem Version=0.8.7 Source=union:/D:/McModding/.gradle/caches/modules-2/files-2.1/net.fabricmc/sponge-mixin/0.15.2+mixin.0.8.7/2af2f021d8e02a0220dc27a7a72b4666d66d44ca/sponge-mixin-0.15.2+mixin.0.8.7.jar%23166!/ Service=ModLauncher Env=CLIENT
[15:18:49] [main/INFO]: Found mod file "neoforge-21.4.9-beta.jar" [locator: neoforge devenv provider ([D:\McModding\NeoForge 1.21\BigSwordsR\.gradle\repositories\ng_dummy_ng\net\neoforged\neoforge\21.4.9-beta\neoforge-21.4.9-beta.jar])]
[15:18:49] [main/INFO]: Found mod file "neoforge-21.4.9-beta.jar" [locator: neoforge devenv provider ([D:\McModding\NeoForge 1.21\BigSwordsR\.gradle\repositories\ng_dummy_ng\net\neoforged\neoforge\21.4.9-beta\neoforge-21.4.9-beta.jar])]
[15:18:49] [main/INFO]: Found mod file "main" [locator: userdev mods and services, reader: mod manifest]
[15:18:49] [main/INFO]: Found mod file "neoforge-21.4.9-beta.jar" [locator: userdev mods and services, reader: mod manifest]
[15:18:50] [main/INFO]: Found gamelibrary file "mixinextras-neoforge-0.4.1.jar" [locator: userdev mods and services, reader: mod manifest]
[15:18:50] [main/WARN]: Attempted to select a dependency jar for JarJar which was passed in as source: library:mixinextras.neoforge. Using Mod File: D:\McModding\.gradle\caches\modules-2\files-2.1\io.github.llamalad7\mixinextras-neoforge\0.4.1\eff97772ecd0dcf8e52cdbafd3b3ccec425f8314\mixinextras-neoforge-0.4.1.jar
[15:18:50] [main/INFO]: Found 1 dependencies adding them to mods collection
[15:18:50] [main/INFO]: Found library file "net.neoforged.neoforge-coremods-21.4.9-beta.jar" [parent: neoforge-21.4.9-beta.jar, locator: jarinjar, reader: mod manifest]
[15:18:50] [main/INFO]: 
     Mod List:
		Name Version (Mod Id)

		Big Swords R 1.0.0 (big_swords)
		Minecraft 1.21.4 (minecraft)
		NeoForge 21.4.9-beta (neoforge)
[15:18:50] [main/INFO]: Launching target 'neoforgeclientdatadev' with arguments [--gameDir, ., --assetsDir, D:\McModding\.gradle\caches\minecraft\assets, --mod, big_swords, --all, --output, D:\McModding\NeoForge 1.21\BigSwordsR\src\generated\resources, --existing, D:\McModding\NeoForge 1.21\BigSwordsR\src\main\resources, --assetIndex, asset-index]
[06Dec2024 15:18:51.261] [main/INFO] [MixinExtras|Service/]: Initializing MixinExtras via com.llamalad7.mixinextras.service.MixinExtrasServiceImpl(version=0.4.1).
[06Dec2024 15:18:57.132] [main/INFO] [net.neoforged.neoforge.data.loading.DatagenModLoader/]: Initializing Data Gatherer for mods [big_swords]
[06Dec2024 15:18:57.184] [modloading-worker-0/INFO] [net.neoforged.neoforge.common.NeoForgeMod/NEOFORGE-MOD]: NeoForge mod loading, version 21.4.9-beta, for MC 1.21.4
[06Dec2024 15:18:57.834] [main/WARN] [net.minecraft.server.packs.VanillaPackResourcesBuilder/]: Assets URL 'union:/D:/McModding/NeoForge%201.21/BigSwordsR/.gradle/repositories/ng_dummy_ng/net/neoforged/neoforge/21.4.9-beta/neoforge-21.4.9-beta.jar%23221!/assets/.mcassetsroot' uses unexpected schema
[06Dec2024 15:18:57.834] [main/WARN] [net.minecraft.server.packs.VanillaPackResourcesBuilder/]: Assets URL 'union:/D:/McModding/NeoForge%201.21/BigSwordsR/.gradle/repositories/ng_dummy_ng/net/neoforged/neoforge/21.4.9-beta/neoforge-21.4.9-beta.jar%23221!/data/.mcassetsroot' uses unexpected schema
[06Dec2024 15:18:58.029] [main/INFO] [net.minecraft.data.DataGenerator/]: Starting provider: Languages: en_us for mod: big_swords
[06Dec2024 15:18:58.044] [main/INFO] [net.minecraft.data.DataGenerator/]: Languages: en_us for mod: big_swords finished after 13 ms
[06Dec2024 15:18:58.044] [main/INFO] [net.minecraft.data.DataGenerator/]: Starting provider: Block States: big_swords
[06Dec2024 15:18:58.062] [main/INFO] [net.minecraft.data.DataGenerator/]: Block States: big_swords finished after 17 ms
[06Dec2024 15:18:58.062] [main/INFO] [net.minecraft.data.DataGenerator/]: Starting provider: Big Swords R Model Definitions
[06Dec2024 15:18:58.128] [main/INFO] [net.minecraft.data.DataGenerator/]: Big Swords R Model Definitions finished after 65 ms
[06Dec2024 15:18:58.128] [main/INFO] [net.minecraft.data.DataGenerator/]: Starting provider: Big Swords Equipment Model Definitions
[06Dec2024 15:18:58.136] [main/INFO] [net.minecraft.data.DataGenerator/]: Big Swords Equipment Model Definitions finished after 7 ms
[06Dec2024 15:18:58.137] [main/INFO] [net.minecraft.data.DataGenerator/]: Starting provider: Big Swords R Recipes
[06Dec2024 15:18:58.232] [main/INFO] [net.minecraft.data.DataGenerator/]: Big Swords R Recipes finished after 94 ms
[06Dec2024 15:18:58.233] [main/INFO] [net.minecraft.data.DataGenerator/]: Starting provider: Tags for minecraft:block mod id big_swords
[06Dec2024 15:18:58.238] [main/INFO] [net.minecraft.data.DataGenerator/]: Tags for minecraft:block mod id big_swords finished after 5 ms
[06Dec2024 15:18:58.238] [main/INFO] [net.minecraft.data.DataGenerator/]: Starting provider: Tags for minecraft:item mod id big_swords
[06Dec2024 15:18:58.242] [main/INFO] [net.minecraft.data.DataGenerator/]: Tags for minecraft:item mod id big_swords finished after 3 ms
[06Dec2024 15:18:58.242] [main/INFO] [net.minecraft.data.DataGenerator/]: Starting provider: Tags for minecraft:entity_type mod id big_swords
[06Dec2024 15:18:58.244] [main/INFO] [net.minecraft.data.DataGenerator/]: Tags for minecraft:entity_type mod id big_swords finished after 1 ms
[06Dec2024 15:18:58.244] [main/INFO] [net.minecraft.data.DataGenerator/]: Starting provider: Tags for minecraft:enchantment mod id big_swords
[06Dec2024 15:18:58.246] [main/INFO] [net.minecraft.data.DataGenerator/]: Tags for minecraft:enchantment mod id big_swords finished after 0 ms
[06Dec2024 15:18:58.246] [main/INFO] [net.minecraft.data.DataGenerator/]: Starting provider: Loot Tables
[06Dec2024 15:18:58.275] [main/INFO] [net.minecraft.data.DataGenerator/]: Loot Tables finished after 28 ms
[06Dec2024 15:18:58.275] [main/INFO] [net.minecraft.data.DataGenerator/]: Starting provider: Data Maps
[06Dec2024 15:18:58.282] [main/INFO] [net.minecraft.data.DataGenerator/]: Data Maps finished after 6 ms
[06Dec2024 15:18:58.282] [main/INFO] [net.minecraft.data.DataGenerator/]: Starting provider: Sound Definitions
[06Dec2024 15:18:58.285] [main/INFO] [net.minecraft.data.DataGenerator/]: Sound Definitions finished after 2 ms
[06Dec2024 15:18:58.285] [main/INFO] [net.minecraft.data.DataGenerator/]: Starting provider: Advancements
[06Dec2024 15:18:58.309] [main/INFO] [net.minecraft.data.DataGenerator/]: Advancements finished after 23 ms
[06Dec2024 15:18:58.309] [main/INFO] [net.minecraft.data.DataGenerator/]: Starting provider: Global Loot Modifiers : big_swords
[06Dec2024 15:18:58.312] [main/INFO] [net.minecraft.data.DataGenerator/]: Global Loot Modifiers : big_swords finished after 3 ms
[06Dec2024 15:18:58.312] [main/INFO] [net.minecraft.data.DataGenerator/]: Starting provider: Registries
[06Dec2024 15:18:58.317] [main/INFO] [net.minecraft.data.DataGenerator/]: Registries finished after 3 ms
[06Dec2024 15:18:58.317] [main/INFO] [net.minecraft.data.DataGenerator/]: Starting provider: atlases generator for big_swords
[06Dec2024 15:18:58.321] [main/INFO] [net.minecraft.data.DataGenerator/]: atlases generator for big_swords finished after 3 ms
[06Dec2024 15:18:58.322] [main/INFO] [net.minecraft.data.DataGenerator/]: All providers took: 292 ms
[06Dec2024 15:18:58.361] [main/INFO] [net.minecraft.data.HashCache/]: Caching: total files: 629, old count: 629, new count: 555, removed stale: 75, written: 0
