[13:53:41] [main/INFO]: ModLauncher running: args [--mod, big_swords, --all, --output, D:\McModding\NeoForge 1.21\BigSwordsR\src\generated\resources, --existing, D:\McModding\NeoForge 1.21\BigSwordsR\src\main\resources, --launchTarget, forgedatadev, --assetIndex, asset-index, --assetsDir, D:\McModding\.gradle\caches\minecraft\assets, --gameDir, ., --fml.fmlVersion, 5.0.6, --fml.mcVersion, 1.21.3, --fml.neoForgeVersion, 21.3.57, --fml.neoFormVersion, 20241023.131943]
[13:53:41] [main/INFO]: JVM identified as Eclipse Adoptium OpenJDK 64-Bit Server VM 21.0.5+11-LTS
[13:53:41] [main/INFO]: ModLauncher 11.0.4+main.d2e20e43 starting: java version 21.0.5 by Eclipse Adoptium; OS Windows 11 arch amd64 version 10.0
[13:53:41] [main/WARN]: Configuration file D:\McModding\NeoForge 1.21\BigSwordsR\runs\data\config\fml.toml is not correct. Correcting
[13:53:41] [main/INFO]: ImmediateWindowProvider not loading because launch target is forgedatadev
[13:53:41] [main/INFO]: SpongePowered MIXIN Subsystem Version=0.8.7 Source=union:/D:/McModding/.gradle/caches/modules-2/files-2.1/net.fabricmc/sponge-mixin/0.15.2+mixin.0.8.7/2af2f021d8e02a0220dc27a7a72b4666d66d44ca/sponge-mixin-0.15.2+mixin.0.8.7.jar%23166!/ Service=ModLauncher Env=CLIENT
[13:53:41] [main/WARN]: Configuration file D:\McModding\NeoForge 1.21\BigSwordsR\runs\data\config\fml.toml is not correct. Correcting
[13:53:41] [main/INFO]: Found mod file "neoforge-21.3.57.jar" [locator: neoforge devenv provider ([D:\McModding\NeoForge 1.21\BigSwordsR\.gradle\repositories\ng_dummy_ng\net\neoforged\neoforge\21.3.57\neoforge-21.3.57.jar])]
[13:53:42] [main/INFO]: Found mod file "neoforge-21.3.57.jar" [locator: neoforge devenv provider ([D:\McModding\NeoForge 1.21\BigSwordsR\.gradle\repositories\ng_dummy_ng\net\neoforged\neoforge\21.3.57\neoforge-21.3.57.jar])]
[13:53:42] [main/INFO]: Found mod file "main" [locator: userdev mods and services, reader: mod manifest]
[13:53:42] [main/INFO]: Found mod file "neoforge-21.3.57.jar" [locator: userdev mods and services, reader: mod manifest]
[13:53:42] [main/INFO]: Found gamelibrary file "mixinextras-neoforge-0.4.1.jar" [locator: userdev mods and services, reader: mod manifest]
[13:53:42] [main/WARN]: Attempted to select a dependency jar for JarJar which was passed in as source: library:mixinextras.neoforge. Using Mod File: D:\McModding\.gradle\caches\modules-2\files-2.1\io.github.llamalad7\mixinextras-neoforge\0.4.1\eff97772ecd0dcf8e52cdbafd3b3ccec425f8314\mixinextras-neoforge-0.4.1.jar
[13:53:42] [main/INFO]: Found 1 dependencies adding them to mods collection
[13:53:42] [main/INFO]: Found library file "net.neoforged.neoforge-coremods-21.3.57.jar" [parent: neoforge-21.3.57.jar, locator: jarinjar, reader: mod manifest]
[13:53:42] [main/INFO]: 
     Mod List:
		Name Version (Mod Id)

		Big Swords R 2.0.0 (big_swords)
		Minecraft 1.21.3 (minecraft)
		NeoForge 21.3.57 (neoforge)
[13:53:42] [main/INFO]: Launching target 'forgedatadev' with arguments [--gameDir, ., --assetsDir, D:\McModding\.gradle\caches\minecraft\assets, --mod, big_swords, --all, --output, D:\McModding\NeoForge 1.21\BigSwordsR\src\generated\resources, --existing, D:\McModding\NeoForge 1.21\BigSwordsR\src\main\resources, --assetIndex, asset-index]
[05Dec2024 13:53:44.203] [main/INFO] [net.neoforged.neoforge.data.loading.DatagenModLoader/]: Initializing Data Gatherer for mods [big_swords]
[05Dec2024 13:53:44.271] [main/INFO] [MixinExtras|Service/]: Initializing MixinExtras via com.llamalad7.mixinextras.service.MixinExtrasServiceImpl(version=0.4.1).
[05Dec2024 13:53:50.434] [modloading-worker-0/INFO] [net.neoforged.neoforge.common.NeoForgeMod/NEOFORGE-MOD]: NeoForge mod loading, version 21.3.57, for MC 1.21.3
[05Dec2024 13:53:51.061] [main/WARN] [net.minecraft.server.packs.VanillaPackResourcesBuilder/]: Assets URL 'union:/D:/McModding/NeoForge%201.21/BigSwordsR/.gradle/repositories/ng_dummy_ng/net/neoforged/neoforge/21.3.57/neoforge-21.3.57.jar%23221!/assets/.mcassetsroot' uses unexpected schema
[05Dec2024 13:53:51.062] [main/WARN] [net.minecraft.server.packs.VanillaPackResourcesBuilder/]: Assets URL 'union:/D:/McModding/NeoForge%201.21/BigSwordsR/.gradle/repositories/ng_dummy_ng/net/neoforged/neoforge/21.3.57/neoforge-21.3.57.jar%23221!/data/.mcassetsroot' uses unexpected schema
[05Dec2024 13:53:51.368] [main/ERROR] [net.nova.big_swords.BigSwordsR/]: Cosmicore failed to gather data
java.lang.IllegalStateException: Duplicate provider: Languages: en_us for mod: big_swords
	at TRANSFORMER/minecraft@1.21.3/net.minecraft.data.DataGenerator.addProvider(DataGenerator.java:88) ~[neoforge-21.3.57.jar%23221!/:?]
	at TRANSFORMER/big_swords@2.0.0/net.nova.big_swords.data.DataGenerators.gatherData(DataGenerators.java:35) ~[%23223!/:?]
	at MC-BOOTSTRAP/net.neoforged.bus/net.neoforged.bus.EventBus.post(EventBus.java:350) ~[bus-8.0.2.jar%23181!/:?]
	at MC-BOOTSTRAP/net.neoforged.bus/net.neoforged.bus.EventBus.post(EventBus.java:329) ~[bus-8.0.2.jar%23181!/:?]
	at MC-BOOTSTRAP/fml_loader@5.0.6/net.neoforged.fml.ModContainer.acceptEvent(ModContainer.java:177) ~[loader-5.0.6.jar%23177!/:5.0]
	at MC-BOOTSTRAP/fml_loader@5.0.6/net.neoforged.fml.ModLoader.runEventGenerator(ModLoader.java:347) ~[loader-5.0.6.jar%23177!/:5.0]
	at TRANSFORMER/neoforge@21.3.57/net.neoforged.neoforge.data.loading.DatagenModLoader.begin(DatagenModLoader.java:62) ~[neoforge-21.3.57.jar%23222!/:?]
	at TRANSFORMER/minecraft@1.21.3/net.minecraft.data.Main.main(Main.java:110) ~[neoforge-21.3.57.jar%23221!/:?]
	at java.base/jdk.internal.reflect.DirectMethodHandleAccessor.invoke(DirectMethodHandleAccessor.java:103) ~[?:?]
	at java.base/java.lang.reflect.Method.invoke(Method.java:580) ~[?:?]
	at MC-BOOTSTRAP/fml_loader@5.0.6/net.neoforged.fml.loading.targets.CommonLaunchHandler.runTarget(CommonLaunchHandler.java:136) ~[loader-5.0.6.jar%23177!/:5.0]
	at MC-BOOTSTRAP/fml_loader@5.0.6/net.neoforged.fml.loading.targets.CommonLaunchHandler.dataService(CommonLaunchHandler.java:132) ~[loader-5.0.6.jar%23177!/:5.0]
	at MC-BOOTSTRAP/fml_loader@5.0.6/net.neoforged.fml.loading.targets.NeoForgeDataDevLaunchHandler.runService(NeoForgeDataDevLaunchHandler.java:28) ~[loader-5.0.6.jar%23177!/:5.0]
	at MC-BOOTSTRAP/fml_loader@5.0.6/net.neoforged.fml.loading.targets.CommonLaunchHandler.lambda$launchService$4(CommonLaunchHandler.java:118) ~[loader-5.0.6.jar%23177!/:5.0]
	at MC-BOOTSTRAP/cpw.mods.modlauncher@11.0.4/cpw.mods.modlauncher.LaunchServiceHandlerDecorator.launch(LaunchServiceHandlerDecorator.java:30) [modlauncher-11.0.4.jar%23156!/:?]
	at MC-BOOTSTRAP/cpw.mods.modlauncher@11.0.4/cpw.mods.modlauncher.LaunchServiceHandler.launch(LaunchServiceHandler.java:53) [modlauncher-11.0.4.jar%23156!/:?]
	at MC-BOOTSTRAP/cpw.mods.modlauncher@11.0.4/cpw.mods.modlauncher.LaunchServiceHandler.launch(LaunchServiceHandler.java:71) [modlauncher-11.0.4.jar%23156!/:?]
	at MC-BOOTSTRAP/cpw.mods.modlauncher@11.0.4/cpw.mods.modlauncher.Launcher.run(Launcher.java:103) [modlauncher-11.0.4.jar%23156!/:?]
	at MC-BOOTSTRAP/cpw.mods.modlauncher@11.0.4/cpw.mods.modlauncher.Launcher.main(Launcher.java:74) [modlauncher-11.0.4.jar%23156!/:?]
	at MC-BOOTSTRAP/cpw.mods.modlauncher@11.0.4/cpw.mods.modlauncher.BootstrapLaunchConsumer.accept(BootstrapLaunchConsumer.java:26) [modlauncher-11.0.4.jar%23156!/:?]
	at MC-BOOTSTRAP/cpw.mods.modlauncher@11.0.4/cpw.mods.modlauncher.BootstrapLaunchConsumer.accept(BootstrapLaunchConsumer.java:23) [modlauncher-11.0.4.jar%23156!/:?]
	at cpw.mods.bootstraplauncher@2.0.2/cpw.mods.bootstraplauncher.BootstrapLauncher.run(BootstrapLauncher.java:210) [bootstraplauncher-2.0.2.jar:?]
	at cpw.mods.bootstraplauncher@2.0.2/cpw.mods.bootstraplauncher.BootstrapLauncher.main(BootstrapLauncher.java:69) [bootstraplauncher-2.0.2.jar:?]
[05Dec2024 13:53:51.589] [main/INFO] [net.minecraft.data.DataGenerator/]: Starting provider: Languages: en_us for mod: big_swords
[05Dec2024 13:53:51.684] [main/INFO] [net.minecraft.data.DataGenerator/]: Languages: en_us for mod: big_swords finished after 94 ms
[05Dec2024 13:53:51.685] [main/INFO] [net.minecraft.data.DataGenerator/]: Starting provider: Block States: big_swords
[05Dec2024 13:53:51.886] [main/INFO] [net.minecraft.data.DataGenerator/]: Block States: big_swords finished after 200 ms
[05Dec2024 13:53:51.887] [main/INFO] [net.minecraft.data.DataGenerator/]: Starting provider: Item Models: big_swords
[05Dec2024 13:53:52.052] [main/INFO] [net.minecraft.data.DataGenerator/]: Item Models: big_swords finished after 164 ms
[05Dec2024 13:53:52.052] [main/INFO] [net.minecraft.data.DataGenerator/]: Starting provider: Big Swords Equipment Model Definitions
[05Dec2024 13:53:52.100] [main/INFO] [net.minecraft.data.DataGenerator/]: Big Swords Equipment Model Definitions finished after 47 ms
[05Dec2024 13:53:52.100] [main/INFO] [net.minecraft.data.DataGenerator/]: Starting provider: Big Swords R Recipes
[05Dec2024 13:53:52.360] [main/INFO] [net.minecraft.data.DataGenerator/]: Big Swords R Recipes finished after 258 ms
[05Dec2024 13:53:52.360] [main/INFO] [net.minecraft.data.DataGenerator/]: Starting provider: Tags for minecraft:block mod id big_swords
[05Dec2024 13:53:52.405] [main/INFO] [net.minecraft.data.DataGenerator/]: Tags for minecraft:block mod id big_swords finished after 44 ms
[05Dec2024 13:53:52.406] [main/INFO] [net.minecraft.data.DataGenerator/]: Starting provider: Tags for minecraft:item mod id big_swords
[05Dec2024 13:53:52.423] [main/INFO] [net.minecraft.data.DataGenerator/]: Tags for minecraft:item mod id big_swords finished after 16 ms
[05Dec2024 13:53:52.423] [main/INFO] [net.minecraft.data.DataGenerator/]: Starting provider: Tags for minecraft:entity_type mod id big_swords
[05Dec2024 13:53:52.429] [main/INFO] [net.minecraft.data.DataGenerator/]: Tags for minecraft:entity_type mod id big_swords finished after 5 ms
[05Dec2024 13:53:52.429] [main/INFO] [net.minecraft.data.DataGenerator/]: Starting provider: Tags for minecraft:enchantment mod id big_swords
[05Dec2024 13:53:52.431] [main/INFO] [net.minecraft.data.DataGenerator/]: Tags for minecraft:enchantment mod id big_swords finished after 1 ms
[05Dec2024 13:53:52.431] [main/INFO] [net.minecraft.data.DataGenerator/]: Starting provider: Loot Tables
[05Dec2024 13:53:52.478] [main/INFO] [net.minecraft.data.DataGenerator/]: Loot Tables finished after 46 ms
[05Dec2024 13:53:52.478] [main/INFO] [net.minecraft.data.DataGenerator/]: Starting provider: Data Maps
[05Dec2024 13:53:52.494] [main/INFO] [net.minecraft.data.DataGenerator/]: Data Maps finished after 15 ms
[05Dec2024 13:53:52.495] [main/INFO] [net.minecraft.data.DataGenerator/]: Starting provider: Sound Definitions
[05Dec2024 13:53:52.513] [main/INFO] [net.minecraft.data.DataGenerator/]: Sound Definitions finished after 17 ms
[05Dec2024 13:53:52.513] [main/INFO] [net.minecraft.data.DataGenerator/]: Starting provider: Advancements
[05Dec2024 13:53:52.563] [main/INFO] [net.minecraft.data.DataGenerator/]: Advancements finished after 49 ms
[05Dec2024 13:53:52.563] [main/INFO] [net.minecraft.data.DataGenerator/]: Starting provider: Global Loot Modifiers : big_swords
[05Dec2024 13:53:52.573] [main/INFO] [net.minecraft.data.DataGenerator/]: Global Loot Modifiers : big_swords finished after 10 ms
[05Dec2024 13:53:52.574] [main/INFO] [net.minecraft.data.DataGenerator/]: Starting provider: Registries
[05Dec2024 13:53:52.584] [main/INFO] [net.minecraft.data.DataGenerator/]: Registries finished after 9 ms
[05Dec2024 13:53:52.585] [main/INFO] [net.minecraft.data.DataGenerator/]: Starting provider: atlases generator for big_swords
[05Dec2024 13:53:52.596] [main/INFO] [net.minecraft.data.DataGenerator/]: atlases generator for big_swords finished after 12 ms
[05Dec2024 13:53:52.598] [main/INFO] [net.minecraft.data.DataGenerator/]: All providers took: 1009 ms
[05Dec2024 13:53:52.681] [main/INFO] [net.minecraft.data.HashCache/]: Caching: total files: 458, old count: 0, new count: 459, removed stale: 0, written: 458
